[ ERROR ] Expected at least 1 argument, got 0.

Try --help for usage information.
