Second signal will force exit.
[ WARN ] Retrying (Retry(total=2, connect=None, read=None, redirect=None, status=None)) after connection broken by 'NewConnectionError('<urllib3.connection.HTTPConnection object at 0x000002B145E68500>: Failed to establish a new connection: [WinError 10061] No connection could be made because the target machine actively refused it')': /session/4cb18107e6d3288aedb1aafcaebfc0b0
[ WARN ] Retrying (Retry(total=1, connect=None, read=None, redirect=None, status=None)) after connection broken by 'NewConnectionError('<urllib3.connection.HTTPConnection object at 0x000002B145E8A990>: Failed to establish a new connection: [WinError 10061] No connection could be made because the target machine actively refused it')': /session/4cb18107e6d3288aedb1aafcaebfc0b0
[ WARN ] Retrying (Retry(total=0, connect=None, read=None, redirect=None, status=None)) after connection broken by 'NewConnectionError('<urllib3.connection.HTTPConnection object at 0x000002B145E8ABD0>: Failed to establish a new connection: [WinError 10061] No connection could be made because the target machine actively refused it')': /session/4cb18107e6d3288aedb1aafcaebfc0b0
