==============================================================================
Tests                                                                         
==============================================================================
Tests.testDemo5                                                               
==============================================================================
Complete the order                                                    | PASS |
------------------------------------------------------------------------------
Tests.testDemo5                                                       | PASS |
1 test, 1 passed, 0 failed
==============================================================================
Tests                                                                 | PASS |
1 test, 1 passed, 0 failed
==============================================================================
Output:  E:\Python\robotFramework\tests\pabot_results\4\output.xml
