==============================================================================
Tests                                                                         
==============================================================================
Tests.testDemo2                                                               
==============================================================================
Invalid username                                                      | PASS |
------------------------------------------------------------------------------
Invalid Password                                                      | PASS |
------------------------------------------------------------------------------
Special Character username                                            | PASS |
------------------------------------------------------------------------------
Special Charatcer Passowrd                                            | PASS |
------------------------------------------------------------------------------
Tests.testDemo2                                                       | PASS |
4 tests, 4 passed, 0 failed
==============================================================================
Tests                                                                 | PASS |
4 tests, 4 passed, 0 failed
==============================================================================
Output:  E:\Python\robotFramework\tests\pabot_results\1\output.xml
