==============================================================================
Tests                                                                         
==============================================================================
Tests.testDemo1                                                               
==============================================================================
Parameterised Test case                                               | PASS |
------------------------------------------------------------------------------
Check whether the cart is displayed in the home page                  | PASS |
------------------------------------------------------------------------------
Check the items displayed in the home page                            | PASS |
------------------------------------------------------------------------------
Verify the functionality for adding items to the cart                 | PASS |
------------------------------------------------------------------------------
Verify the login form data fields                                     | PASS |
------------------------------------------------------------------------------
Tests.testDemo1                                                       | PASS |
5 tests, 5 passed, 0 failed
==============================================================================
Tests                                                                 | PASS |
5 tests, 5 passed, 0 failed
==============================================================================
Output:  E:\Python\robotFramework\tests\pabot_results\0\output.xml
