==============================================================================
Tests                                                                         
==============================================================================
Tests.testDemo3                                                               
==============================================================================
Check the items displayed in the home page                              
  Traceback (most recent call last):
    ~~~~~~~~~~~~~~~~~~~~~~~~~~~~~~~~~~~~~~~~~~~~~~~~~~~~~~~~~~~~~~~~~~~~~~~~~~
    File  E:\Python\robotFramework\tests\testDemo3.robot:15
    T:  Check the items displayed in the home page    
    ~~~~~~~~~~~~~~~~~~~~~~~~~~~~~~~~~~~~~~~~~~~~~~~~~~~~~~~~~~~~~~~~~~~~~~~~~~
    File  E:\Python\robotFramework\tests\testDemo3.robot:16
      Login to home page    
    ~~~~~~~~~~~~~~~~~~~~~~~~~~~~~~~~~~~~~~~~~~~~~~~~~~~~~~~~~~~~~~~~~~~~~~~~~~
    File  E:\Python\robotFramework\POM\keyword\login.robot:36
      Wait Until Element Is Visible    ${cart_locator}
      |  ${cart_locator} = xpath://a[contains(text(),'Checkout')] (str)
______________________________________________________________________________
| FAIL |
Element 'xpath://a[contains(text(),'Checkout')]' not visible after 5 seconds.
------------------------------------------------------------------------------
Tests.testDemo3                                                       | FAIL |
1 test, 0 passed, 1 failed
==============================================================================
Tests                                                                 | FAIL |
1 test, 0 passed, 1 failed
==============================================================================
Output:  E:\Python\robotFramework\tests\pabot_results\2\output.xml
