==============================================================================
Tests                                                                         
==============================================================================
Tests.testDemo4                                                               
==============================================================================
Verify the functionality for adding items to the cart                 | PASS |
------------------------------------------------------------------------------
Tests.testDemo4                                                       | PASS |
1 test, 1 passed, 0 failed
==============================================================================
Tests                                                                 | PASS |
1 test, 1 passed, 0 failed
==============================================================================
Output:  E:\Python\robotFramework\tests\pabot_results\3\output.xml
