Second signal will force exit.
[ WARN ] Retrying (Retry(total=2, connect=None, read=None, redirect=None, status=None)) after connection broken by 'NewConnectionError('<urllib3.connection.HTTPConnection object at 0x000002B4D15AE4B0>: Failed to establish a new connection: [WinError 10061] No connection could be made because the target machine actively refused it')': /session/8171929dfb3fd494b2f1637e2463e494
[ WARN ] Retrying (Retry(total=1, connect=None, read=None, redirect=None, status=None)) after connection broken by 'NewConnectionError('<urllib3.connection.HTTPConnection object at 0x000002B4D15DE900>: Failed to establish a new connection: [WinError 10061] No connection could be made because the target machine actively refused it')': /session/8171929dfb3fd494b2f1637e2463e494
[ WARN ] Retrying (Retry(total=0, connect=None, read=None, redirect=None, status=None)) after connection broken by 'NewConnectionError('<urllib3.connection.HTTPConnection object at 0x000002B4D15DEB40>: Failed to establish a new connection: [WinError 10061] No connection could be made because the target machine actively refused it')': /session/8171929dfb3fd494b2f1637e2463e494
